#PreOrder before optimize
Program,-,22,52,-,85,84,-,0,120,-,60,12,-,-,22,25,511
#Preorder after optimalizations
Program,-30,1,-120,48,-514
