#PreOrder before optimize
Program,==,21,21,==,+,5,8,-,22,9,==,/,*,2,7,2,7,==,*,85,1111,121,==,*,+,1,24,5,125
#Preorder after optimalizations
Program,True,True,True,False,True
