#PreOrder before optimize
Program,!=,5,1,!=,5,5,!=,+,2100,1,-,2101,1,!=,+,2455,222,-,5621,2944,!=,/,+,26,3412,12,/,+,254,774,2
#Preorder after optimalizations
Program,True,False,True,False,True
