#PreOrder before optimize
Program,>=,31,31,>=,51,2,>=,+,51,22,16,>=,*,+,22,2,3,80,>=,/,-,123,24,2,5
#Preorder after optimalizations
Program,True,True,True,False,True
