#PreOrder before optimize
Program,int a0,1,int b0,2,int c0,+,int a0,1,int b0,2
#Preorder after optimalizations
Program,const int a0,1,const int b0,2,const int c0,3
