#PreOrder before optimize
Program,+,-,33,12,*,-,23,2,3,<=,+,154,225,+,*,25,+,2,5,200,+,35,*,27,-,33,5,>=,*,-,2541,2520,3,*,4,12,-,/,*,89,*,2,+,243,2,5,23
#Preorder after optimalizations
Program,84,False,791,True,8699
