#PreOrder before optimize
Program,!,1,!,0
#Preorder after optimalizations
Program,False,True
