Warning: Implicit conversion from float to int, possible loss of information
Warning: Implicit conversion from int to char, possible loss of information 
Warning: Implicit conversion from float to char, possible loss of information 
Warning: Implicit conversion from int to char, possible loss of information 
Warning: Implicit conversion from float to int, possible loss of information
Warning: Implicit conversion from int to char, possible loss of information 
Warning: Implicit conversion from float to char, possible loss of information 
#PreOrder before optimize
Program,int a0,6,int b0,+,10,a,int c0,+,5,4.7,int d0,+,3,5,float e0,15.0,float f0,34.0,float g0,+,1.5,2,float h0,+,5.6,3,char i0,$,char j0,	,char k0,+,,36,char l0,+,7,19.0
#Preorder after optimalizations
Program,const int a0,6,const int b0,107,const int c0,9,const int d0,56,const float e0,15.0,const float f0,34.0,const float g0,3.5,const float h0,8.6,const char i0,$,const char j0,	,const char k0,,const char l0,7
