#PreOrder before optimize
Program,=,const int a,+,5,5
#Preorder after optimalizations
Program,=,const int a,10
