#PreOrder before optimize
Program
#Preorder after optimalizations
Program
