#PreOrder before optimize
Pro
#Preorder after optimalizations
gram
